============================= test session starts ==============================
platform darwin -- Python 3.6.6, pytest-3.8.2, py-1.6.0, pluggy-0.7.1
rootdir: /Users/apple/Greendeck/greendeck-proxy, inifile:
plugins: remotedata-0.3.0, openfiles-0.3.0, doctestplus-0.1.3, arraydiff-0.2, flaky-3.4.0
collected 3 items

test.py ...                                                              [100%]
===Flaky Test Report===


===End Flaky Test Report===

========================== 3 passed in 18.22 seconds ===========================
